node.exe :  ΓÜá Warning: Next.js inferred your workspace root, but it may not 
be correct.
At line:1 char:1
+ & "C:\Program Files\nodejs/node.exe" "C:\Program Files\nodejs/node_mo ...
+ ~~~~~~~~~~~~~~~~~~~~~~~~~~~~~~~~~~~~~~~~~~~~~~~~~~~~~~~~~~~~~~~~~~~~~
    + CategoryInfo          : NotSpecified: ( ΓÜá Warning: N...not be correct. 
   :String) [], RemoteException
    + FullyQualifiedErrorId : NativeCommandError
 
 We detected multiple lockfiles and selected the directory of 
C:\Users\auwalrg\package-lock.json as the root directory.
 To silence this warning, set `outputFileTracingRoot` in your Next.js config, 
or consider removing one of the lockfiles if it's not needed.
   See 
https://nextjs.org/docs/app/api-reference/config/next-config-js/output#caveats 
for more information.
 Detected additional lockfiles: 
   * C:\Users\auwalrg\job-app-automation\package-lock.json

   Γû▓ Next.js 15.5.14
   - Environments: .env.local
   - Experiments (use with caution):
     ┬╖ serverActions

   Creating an optimized production build ...
 ΓÜá Attempted to load @next/swc-win32-x64-msvc, but an error occurred: \\?\C:\
Users\auwalrg\job-app-automation\node_modules\@next\swc-win32-x64-msvc\next-swc
.win32-x64-msvc.node is not a valid Win32 application.
\\?\C:\Users\auwalrg\job-app-automation\node_modules\@next\swc-win32-x64-msvc\n
ext-swc.win32-x64-msvc.node
 Γ£ô Compiled successfully in 83s
   Linting and checking validity of types ...
   Collecting page data ...
   Generating static pages (0/14) ...
